main.c:92:5:main	104	static
main.c:177:6:SystemClock_Config	96	static
main.c:229:13:MX_ADC_Init	24	static
main.c:281:13:MX_I2C1_Init	8	static
main.c:327:13:MX_RTC_Init	72	static
main.c:407:13:MX_USART1_UART_Init	8	static
main.c:442:13:MX_USART2_UART_Init	8	static
main.c:477:13:MX_GPIO_Init	56	static
main.c:516:6:StartDefaultTask	48	static
main.c:552:6:ReadSensors	24	static
main.c:575:6:ConnectToServer	16	static
main.c:606:6:HAL_TIM_PeriodElapsedCallback	16	static
main.c:623:6:Error_Handler	8	static
