main.c:92:5:main	104	static
main.c:175:6:SystemClock_Config	96	static
main.c:223:13:MX_ADC_Init	24	static
main.c:272:13:MX_I2C1_Init	8	static
main.c:315:13:MX_RTC_Init	72	static
main.c:390:13:MX_USART1_UART_Init	8	static
main.c:423:13:MX_USART2_UART_Init	8	static
main.c:456:13:MX_GPIO_Init	56	static
main.c:494:6:StartDefaultTask	48	static
main.c:549:6:ReadSensors	24	static
main.c:572:6:ConnectToServer	16	static
main.c:601:6:HAL_TIM_PeriodElapsedCallback	16	static
main.c:617:6:Error_Handler	8	static
