main.c:92:5:main	104	static
main.c:176:6:SystemClock_Config	96	static
main.c:228:13:MX_ADC_Init	24	static
main.c:280:13:MX_I2C1_Init	8	static
main.c:326:13:MX_RTC_Init	72	static
main.c:406:13:MX_USART1_UART_Init	8	static
main.c:441:13:MX_USART2_UART_Init	8	static
main.c:476:13:MX_GPIO_Init	56	static
main.c:515:6:StartDefaultTask	56	static
main.c:582:6:ReadSensors	24	static
main.c:606:6:ConnectToServer	16	static
main.c:636:6:HAL_TIM_PeriodElapsedCallback	16	static
main.c:653:6:Error_Handler	8	static
